// Jest Snapshot v1, https://goo.gl/fbAQLP

exports[`matches snapshot 1`] = `
<div>
  <section
    class="section registration"
  >
    <div
      class="registration__content"
    >
      <div
        class="registration__left"
      >
        <img
          alt="Logo"
          class="logo"
          src="logo.png"
        />
      </div>
      <div
        class="registration__right"
      >
        <form
          class="formTag"
          data-testid="registration-form"
        >
          <div
            class="MuiPaper-root MuiPaper-elevation1 MuiPaper-rounded"
            elevatio="1"
            style="padding: 48px 48px;"
          >
            <div
              class="MuiGrid-root MuiGrid-container MuiGrid-direction-xs-column"
            >
              <div
                class="MuiGrid-root MuiGrid-item MuiGrid-grid-xs-12"
              >
                <h1
                  class="MuiTypography-root MuiTypography-h3 MuiTypography-gutterBottom"
                >
                  Регистрация
                </h1>
              </div>
              <div
                class="MuiGrid-root MuiGrid-item MuiGrid-grid-xs-12"
              >
                Уже зарегистрированы?
                <a
                  data-testid="link-login"
                  href="/login"
                >
                   Войти
                </a>
              </div>
              <div
                class="MuiGrid-root MuiGrid-item MuiGrid-grid-xs-12"
              >
                <div
                  class="MuiFormControl-root MuiTextField-root MuiFormControl-marginDense MuiFormControl-fullWidth"
                  data-testid="input-email"
                >
                  <label
                    class="MuiFormLabel-root MuiInputLabel-root MuiInputLabel-formControl MuiInputLabel-animated MuiInputLabel-marginDense Mui-required Mui-required"
                    data-shrink="false"
                  >
                    Адрес электронной почты
                    <span
                      class="MuiFormLabel-asterisk MuiInputLabel-asterisk"
                    >
                       
                      *
                    </span>
                  </label>
                  <div
                    class="MuiInputBase-root MuiInput-root MuiInput-underline MuiInputBase-fullWidth MuiInput-fullWidth MuiInputBase-formControl MuiInput-formControl MuiInputBase-marginDense MuiInput-marginDense"
                  >
                    <input
                      aria-invalid="false"
                      class="MuiInputBase-input MuiInput-input MuiInputBase-inputMarginDense MuiInput-inputMarginDense"
                      placeholder="Адрес электронной почты"
                      required=""
                      type="text"
                      value=""
                    />
                  </div>
                </div>
              </div>
              <div
                class="MuiGrid-root MuiGrid-container MuiGrid-spacing-xs-2 MuiGrid-item MuiGrid-grid-xs-12"
              >
                <div
                  class="MuiGrid-root MuiGrid-item MuiGrid-grid-xs-6"
                >
                  <div
                    class="MuiFormControl-root MuiTextField-root MuiFormControl-marginDense MuiFormControl-fullWidth"
                    data-testid="input-fname"
                  >
                    <label
                      class="MuiFormLabel-root MuiInputLabel-root MuiInputLabel-formControl MuiInputLabel-animated MuiInputLabel-marginDense Mui-required Mui-required"
                      data-shrink="false"
                    >
                      Имя
                      <span
                        class="MuiFormLabel-asterisk MuiInputLabel-asterisk"
                      >
                         
                        *
                      </span>
                    </label>
                    <div
                      class="MuiInputBase-root MuiInput-root MuiInput-underline MuiInputBase-fullWidth MuiInput-fullWidth MuiInputBase-formControl MuiInput-formControl MuiInputBase-marginDense MuiInput-marginDense"
                    >
                      <input
                        aria-invalid="false"
                        class="MuiInputBase-input MuiInput-input MuiInputBase-inputMarginDense MuiInput-inputMarginDense"
                        name="name"
                        placeholder="Имя"
                        required=""
                        type="text"
                        value=""
                      />
                    </div>
                  </div>
                </div>
                <div
                  class="MuiGrid-root MuiGrid-item MuiGrid-grid-xs-6"
                >
                  <div
                    class="MuiFormControl-root MuiTextField-root MuiFormControl-marginDense MuiFormControl-fullWidth"
                    data-testid="input-lname"
                  >
                    <label
                      class="MuiFormLabel-root MuiInputLabel-root MuiInputLabel-formControl MuiInputLabel-animated MuiInputLabel-marginDense Mui-required Mui-required"
                      data-shrink="false"
                    >
                      Фамилия
                      <span
                        class="MuiFormLabel-asterisk MuiInputLabel-asterisk"
                      >
                         
                        *
                      </span>
                    </label>
                    <div
                      class="MuiInputBase-root MuiInput-root MuiInput-underline MuiInputBase-fullWidth MuiInput-fullWidth MuiInputBase-formControl MuiInput-formControl MuiInputBase-marginDense MuiInput-marginDense"
                    >
                      <input
                        aria-invalid="false"
                        class="MuiInputBase-input MuiInput-input MuiInputBase-inputMarginDense MuiInput-inputMarginDense"
                        name="surname"
                        placeholder="Фамилия"
                        required=""
                        type="text"
                        value=""
                      />
                    </div>
                  </div>
                </div>
              </div>
              <div
                class="MuiGrid-root MuiGrid-item MuiGrid-grid-xs-12"
              >
                <div
                  class="MuiFormControl-root MuiTextField-root MuiFormControl-marginDense MuiFormControl-fullWidth"
                  data-testid="input-pass"
                >
                  <label
                    class="MuiFormLabel-root MuiInputLabel-root MuiInputLabel-formControl MuiInputLabel-animated MuiInputLabel-marginDense Mui-required Mui-required"
                    data-shrink="false"
                  >
                    Пароль
                    <span
                      class="MuiFormLabel-asterisk MuiInputLabel-asterisk"
                    >
                       
                      *
                    </span>
                  </label>
                  <div
                    class="MuiInputBase-root MuiInput-root MuiInput-underline MuiInputBase-fullWidth MuiInput-fullWidth MuiInputBase-formControl MuiInput-formControl MuiInputBase-marginDense MuiInput-marginDense"
                  >
                    <input
                      aria-invalid="false"
                      class="MuiInputBase-input MuiInput-input MuiInputBase-inputMarginDense MuiInput-inputMarginDense"
                      name="password"
                      placeholder="Пароль"
                      required=""
                      type="text"
                      value=""
                    />
                  </div>
                </div>
              </div>
              <div
                class="MuiGrid-root MuiGrid-container MuiGrid-item MuiGrid-justify-xs-flex-end MuiGrid-grid-xs-12"
              >
                <button
                  class="MuiButtonBase-root MuiButton-root MuiButton-contained MuiButton-containedSecondary"
                  data-testid="button-login"
                  tabindex="0"
                  type="submit"
                >
                  <span
                    class="MuiButton-label"
                  >
                    Войти
                  </span>
                  <span
                    class="MuiTouchRipple-root"
                  />
                </button>
              </div>
            </div>
          </div>
        </form>
      </div>
    </div>
  </section>
</div>
`;
