// Jest Snapshot v1, https://goo.gl/fbAQLP

exports[`matches snapshot 1`] = `
<div>
  <h1>
    You are unauthorized to enter this page
  </h1>
</div>
`;
